// Jest Snapshot v1, https://goo.gl/fbAQLP

exports[`App matches snapshot 1`] = `
<div>
  <main
    class="appContainer__mainContainer background-desktop-dark"
  >
    <div
      class="title__container"
    >
      <h1>
        Todo
      </h1>
      <svg
        data-testid="SUN-TOGGLE-ICON"
      >
        icon-sun.svg
      </svg>
    </div>
    <div
      class="todoInput__container"
    >
      <div
        class="todoInput__input"
      >
        <div
          class="todoCheckBoxToggle__container"
          data-testid="TODO_CHECKBOX_TOGGLE"
        />
        <input
          class="todoInput__todoInput"
          placeholder="Create a new todo..."
          type="text"
          value=""
        />
      </div>
    </div>
    <div
      class="todoList__container"
      data-testid="TODO_LIST_CONTAINER"
    >
      <div
        class="todoListItem__container"
        data-testid="TODO_LIST_ITEM"
      >
        <div
          class="todoCheckBoxToggle__container"
          data-testid="TODO_CHECKBOX_TOGGLE"
        />
        <input
          class="todoListItem__input"
          type="text"
          value=""
        />
      </div>
    </div>
  </main>
</div>
`;
