// Jest Snapshot v1, https://goo.gl/fbAQLP

exports[`TodoListItem matches snapshot 1`] = `
<div>
  <div
    class="todoListItem__container"
    data-testid="TODO_LIST_ITEM_CONTAINER"
  >
    <div
      class="todoListItem__input"
    >
      <div
        class="todoCheckBoxToggle__container"
        data-testid="TODO_CHECKBOX_TOGGLE"
      />
      <input
        class="todoListItem__input"
        data-testid="TODO_LIST_ITEM"
        type="text"
        value="example"
      />
    </div>
  </div>
</div>
`;
